---
http_interactions:
- request:
    method: put
    uri: http://localhost:9200/github_repositories/github_repository/13
    body:
      encoding: UTF-8
      string: '{"id":13,"full_name":"rails/rails","owner_id":null,"description":"Ruby
        on Rails","fork":false,"created_at":"2017-01-24T13:49:00.119Z","updated_at":"2017-01-24T13:49:00.119Z","pushed_at":null,"homepage":"http://rubyonrails.org","size":1000,"stargazers_count":10000,"language":"Ruby","has_issues":null,"has_wiki":null,"has_pages":null,"forks_count":null,"mirror_url":null,"open_issues_count":null,"default_branch":null,"subscribers_count":null,"github_id":null,"source_name":null,"license":null,"github_organisation_id":13,"private":false,"github_contributions_count":0,"has_readme":null,"has_changelog":null,"has_contributing":null,"has_license":null,"has_coc":null,"has_threat_model":null,"has_audit":null,"status":null,"last_synced_at":null,"rank":null,"exact_name":"rails/rails","keywords":[],"platforms":[]}'
    headers:
      User-Agent:
      - Faraday v0.10.1
      Accept-Encoding:
      - gzip,deflate
      Expect:
      - ''
  response:
    status:
      code: 200
      message: OK
    headers:
      Content-Type:
      - application/json; charset=UTF-8
      Content-Length:
      - '100'
    body:
      encoding: UTF-8
      string: '{"_index":"github_repositories","_type":"github_repository","_id":"13","_version":7,"created":false}'
    http_version: 
  recorded_at: Tue, 24 Jan 2017 13:49:00 GMT
- request:
    method: get
    uri: http://localhost:9200/github_repositories/github_repository/_search?from=0&size=6
    body:
      encoding: UTF-8
      string: '{"query":{"function_score":{"query":{"filtered":{"query":{"match_all":{}},"filter":{"bool":{"must":[{"exists":{"field":"pushed_at"}}],"must_not":[{"term":{"fork":true}},{"term":{"private":true}},{"term":{"status":"Removed"}}]}}}},"field_value_factor":{"field":"stargazers_count","modifier":"square"}}},"facets":{"language":{"terms":{"field":"language","size":35},"facet_filter":{"bool":{"must":[]}}},"license":{"terms":{"field":"license","size":35},"facet_filter":{"bool":{"must":[]}}},"keywords":{"terms":{"field":"keywords","size":35},"facet_filter":{"bool":{"must":[]}}}},"filter":{"bool":{"must":[],"must_not":[]}},"suggest":{"did_you_mean":{"text":"","term":{"size":1,"field":"full_name"}}},"sort":{"stargazers_count":"desc"},"track_scores":true}'
    headers:
      User-Agent:
      - Faraday v0.10.1
      Accept-Encoding:
      - gzip,deflate
      Expect:
      - ''
  response:
    status:
      code: 200
      message: OK
    headers:
      Content-Type:
      - application/json; charset=UTF-8
      Content-Length:
      - '378'
    body:
      encoding: UTF-8
      string: '{"took":1,"timed_out":false,"_shards":{"total":1,"successful":1,"failed":0},"hits":{"total":0,"max_score":null,"hits":[]},"facets":{"language":{"_type":"terms","missing":0,"total":0,"other":0,"terms":[]},"license":{"_type":"terms","missing":0,"total":0,"other":0,"terms":[]},"keywords":{"_type":"terms","missing":0,"total":0,"other":0,"terms":[]}},"suggest":{"did_you_mean":[]}}'
    http_version: 
  recorded_at: Tue, 24 Jan 2017 13:49:00 GMT
- request:
    method: get
    uri: http://localhost:9200/github_repositories/github_repository/_search?from=0&size=6
    body:
      encoding: UTF-8
      string: '{"query":{"function_score":{"query":{"filtered":{"query":{"match_all":{}},"filter":{"bool":{"must":[{"exists":{"field":"pushed_at"}}],"must_not":[{"term":{"fork":true}},{"term":{"private":true}},{"term":{"status":"Removed"}}]}}}},"field_value_factor":{"field":"stargazers_count","modifier":"square"}}},"facets":{"language":{"terms":{"field":"language","size":35},"facet_filter":{"bool":{"must":[]}}},"license":{"terms":{"field":"license","size":35},"facet_filter":{"bool":{"must":[]}}},"keywords":{"terms":{"field":"keywords","size":35},"facet_filter":{"bool":{"must":[]}}}},"filter":{"bool":{"must":[],"must_not":[]}},"suggest":{"did_you_mean":{"text":"","term":{"size":1,"field":"full_name"}}},"sort":{"forks_count":"desc"},"track_scores":true}'
    headers:
      User-Agent:
      - Faraday v0.10.1
      Accept-Encoding:
      - gzip,deflate
      Expect:
      - ''
  response:
    status:
      code: 200
      message: OK
    headers:
      Content-Type:
      - application/json; charset=UTF-8
      Content-Length:
      - '378'
    body:
      encoding: UTF-8
      string: '{"took":1,"timed_out":false,"_shards":{"total":1,"successful":1,"failed":0},"hits":{"total":0,"max_score":null,"hits":[]},"facets":{"language":{"_type":"terms","missing":0,"total":0,"other":0,"terms":[]},"license":{"_type":"terms","missing":0,"total":0,"other":0,"terms":[]},"keywords":{"_type":"terms","missing":0,"total":0,"other":0,"terms":[]}},"suggest":{"did_you_mean":[]}}'
    http_version: 
  recorded_at: Tue, 24 Jan 2017 13:49:00 GMT
- request:
    method: get
    uri: http://localhost:9200/github_repositories/github_repository/_search?from=0&size=6
    body:
      encoding: UTF-8
      string: '{"query":{"function_score":{"query":{"filtered":{"query":{"match_all":{}},"filter":{"bool":{"must":[{"exists":{"field":"pushed_at"}}],"must_not":[{"term":{"fork":true}},{"term":{"private":true}},{"term":{"status":"Removed"}}]}}}},"field_value_factor":{"field":"stargazers_count","modifier":"square"}}},"facets":{"language":{"terms":{"field":"language","size":35},"facet_filter":{"bool":{"must":[]}}},"license":{"terms":{"field":"license","size":35},"facet_filter":{"bool":{"must":[]}}},"keywords":{"terms":{"field":"keywords","size":35},"facet_filter":{"bool":{"must":[]}}}},"filter":{"bool":{"must":[],"must_not":[]}},"suggest":{"did_you_mean":{"text":"","term":{"size":1,"field":"full_name"}}},"sort":{"created_at":"desc"},"track_scores":true}'
    headers:
      User-Agent:
      - Faraday v0.10.1
      Accept-Encoding:
      - gzip,deflate
      Expect:
      - ''
  response:
    status:
      code: 200
      message: OK
    headers:
      Content-Type:
      - application/json; charset=UTF-8
      Content-Length:
      - '378'
    body:
      encoding: UTF-8
      string: '{"took":1,"timed_out":false,"_shards":{"total":1,"successful":1,"failed":0},"hits":{"total":0,"max_score":null,"hits":[]},"facets":{"language":{"_type":"terms","missing":0,"total":0,"other":0,"terms":[]},"license":{"_type":"terms","missing":0,"total":0,"other":0,"terms":[]},"keywords":{"_type":"terms","missing":0,"total":0,"other":0,"terms":[]}},"suggest":{"did_you_mean":[]}}'
    http_version: 
  recorded_at: Tue, 24 Jan 2017 13:49:00 GMT
- request:
    method: get
    uri: http://localhost:9200/github_repositories/github_repository/_search?from=0&size=6
    body:
      encoding: UTF-8
      string: '{"query":{"function_score":{"query":{"filtered":{"query":{"match_all":{}},"filter":{"bool":{"must":[{"exists":{"field":"pushed_at"}}],"must_not":[{"term":{"fork":true}},{"term":{"private":true}},{"term":{"status":"Removed"}}]}}}},"field_value_factor":{"field":"stargazers_count","modifier":"square"}}},"facets":{"language":{"terms":{"field":"language","size":35},"facet_filter":{"bool":{"must":[]}}},"license":{"terms":{"field":"license","size":35},"facet_filter":{"bool":{"must":[]}}},"keywords":{"terms":{"field":"keywords","size":35},"facet_filter":{"bool":{"must":[]}}}},"filter":{"bool":{"must":[],"must_not":[]}},"suggest":{"did_you_mean":{"text":"","term":{"size":1,"field":"full_name"}}},"sort":{"pushed_at":"desc"},"track_scores":true}'
    headers:
      User-Agent:
      - Faraday v0.10.1
      Accept-Encoding:
      - gzip,deflate
      Expect:
      - ''
  response:
    status:
      code: 200
      message: OK
    headers:
      Content-Type:
      - application/json; charset=UTF-8
      Content-Length:
      - '378'
    body:
      encoding: UTF-8
      string: '{"took":1,"timed_out":false,"_shards":{"total":1,"successful":1,"failed":0},"hits":{"total":0,"max_score":null,"hits":[]},"facets":{"language":{"_type":"terms","missing":0,"total":0,"other":0,"terms":[]},"license":{"_type":"terms","missing":0,"total":0,"other":0,"terms":[]},"keywords":{"_type":"terms","missing":0,"total":0,"other":0,"terms":[]}},"suggest":{"did_you_mean":[]}}'
    http_version: 
  recorded_at: Tue, 24 Jan 2017 13:49:00 GMT
- request:
    method: get
    uri: http://localhost:9200/github_repositories/github_repository/_search
    body:
      encoding: UTF-8
      string: '{"query":{"function_score":{"query":{"filtered":{"query":{"match_all":{}},"filter":{"bool":{"must":[{"exists":{"field":"pushed_at"}}],"must_not":[{"term":{"fork":true}},{"term":{"private":true}},{"term":{"status":"Removed"}}]}}}},"field_value_factor":{"field":"stargazers_count","modifier":"square"}}},"facets":{"language":{"terms":{"field":"language","size":20},"facet_filter":{"bool":{"must":[]}}},"license":{"terms":{"field":"license","size":20},"facet_filter":{"bool":{"must":[]}}},"keywords":{"terms":{"field":"keywords","size":20},"facet_filter":{"bool":{"must":[]}}}},"filter":{"bool":{"must":[],"must_not":[]}},"suggest":{"did_you_mean":{"text":"","term":{"size":1,"field":"full_name"}}},"sort":[{"rank":"desc"},{"stargazers_count":"desc"}],"track_scores":true}'
    headers:
      User-Agent:
      - Faraday v0.10.1
      Accept-Encoding:
      - gzip,deflate
      Expect:
      - ''
  response:
    status:
      code: 200
      message: OK
    headers:
      Content-Type:
      - application/json; charset=UTF-8
      Content-Length:
      - '378'
    body:
      encoding: UTF-8
      string: '{"took":1,"timed_out":false,"_shards":{"total":1,"successful":1,"failed":0},"hits":{"total":0,"max_score":null,"hits":[]},"facets":{"language":{"_type":"terms","missing":0,"total":0,"other":0,"terms":[]},"license":{"_type":"terms","missing":0,"total":0,"other":0,"terms":[]},"keywords":{"_type":"terms","missing":0,"total":0,"other":0,"terms":[]}},"suggest":{"did_you_mean":[]}}'
    http_version: 
  recorded_at: Tue, 24 Jan 2017 13:49:00 GMT
- request:
    method: get
    uri: http://localhost:9200/projects/_count
    body:
      encoding: US-ASCII
      string: ''
    headers:
      User-Agent:
      - Faraday v0.10.1
      Accept-Encoding:
      - gzip,deflate
      Expect:
      - ''
  response:
    status:
      code: 200
      message: OK
    headers:
      Content-Type:
      - application/json; charset=UTF-8
      Content-Length:
      - '59'
    body:
      encoding: UTF-8
      string: '{"count":1,"_shards":{"total":1,"successful":1,"failed":0}}'
    http_version: 
  recorded_at: Tue, 24 Jan 2017 13:49:00 GMT
recorded_with: VCR 3.0.3
