---
http_interactions:
- request:
    method: put
    uri: http://localhost:9200/projects/project/4
    body:
      encoding: UTF-8
      string: '{"id":4,"name":"rails","platform":"Rubygems","created_at":"2017-01-05T09:42:45.997Z","updated_at":"2017-01-05T09:42:45.997Z","description":"Ruby
        on Rails is a full-stack web framework optimized for programmer happiness
        and sustainable productivity. It encourages beautiful code by favoring convention
        over configuration.","keywords":["web"],"homepage":"http://rubyonrails.org/","licenses":"MIT","repository_url":"https://github.com/rails/rails","github_repository_id":null,"normalized_licenses":["MIT"],"versions_count":0,"rank":0,"latest_release_published_at":"2017-01-05T09:42:45.997Z","latest_release_number":null,"pm_id":null,"keywords_array":["web"],"dependents_count":0,"language":"Ruby","status":null,"last_synced_at":null,"dependent_repos_count":0,"stars":0,"repo_name":null,"exact_name":"rails","github_contributions_count":0,"pushed_at":null}'
    headers:
      User-Agent:
      - Faraday v0.10.1
      Accept-Encoding:
      - gzip,deflate
      Expect:
      - ''
  response:
    status:
      code: 200
      message: OK
    headers:
      Content-Type:
      - application/json; charset=UTF-8
      Content-Length:
      - '79'
    body:
      encoding: UTF-8
      string: '{"_index":"projects","_type":"project","_id":"4","_version":35,"created":false}'
    http_version: 
  recorded_at: Thu, 05 Jan 2017 09:42:46 GMT
- request:
    method: put
    uri: http://localhost:9200/projects/project/4
    body:
      encoding: UTF-8
      string: '{"id":4,"name":"rails","platform":"Rubygems","created_at":"2017-01-05T09:42:45.997Z","updated_at":"2017-01-05T09:42:45.997Z","description":"Ruby
        on Rails is a full-stack web framework optimized for programmer happiness
        and sustainable productivity. It encourages beautiful code by favoring convention
        over configuration.","keywords":["web"],"homepage":"http://rubyonrails.org/","licenses":"MIT","repository_url":"https://github.com/rails/rails","github_repository_id":null,"normalized_licenses":["MIT"],"versions_count":0,"rank":0,"latest_release_published_at":"2017-01-05T09:42:45.997Z","latest_release_number":null,"pm_id":null,"keywords_array":["web"],"dependents_count":0,"language":"Ruby","status":null,"last_synced_at":null,"dependent_repos_count":0,"stars":0,"repo_name":null,"exact_name":"rails","github_contributions_count":0,"pushed_at":null}'
    headers:
      User-Agent:
      - Faraday v0.10.1
      Accept-Encoding:
      - gzip,deflate
      Expect:
      - ''
  response:
    status:
      code: 200
      message: OK
    headers:
      Content-Type:
      - application/json; charset=UTF-8
      Content-Length:
      - '79'
    body:
      encoding: UTF-8
      string: '{"_index":"projects","_type":"project","_id":"4","_version":36,"created":false}'
    http_version: 
  recorded_at: Thu, 05 Jan 2017 09:42:46 GMT
- request:
    method: put
    uri: http://localhost:9200/projects/project/4
    body:
      encoding: UTF-8
      string: '{"id":4,"name":"rails","platform":"Rubygems","created_at":"2017-01-05T09:42:45.997Z","updated_at":"2017-01-05T09:42:46.043Z","description":"Ruby
        on Rails is a full-stack web framework optimized for programmer happiness
        and sustainable productivity. It encourages beautiful code by favoring convention
        over configuration.","keywords":["web"],"homepage":"http://rubyonrails.org/","licenses":"MIT","repository_url":"https://github.com/rails/rails","github_repository_id":null,"normalized_licenses":["MIT"],"versions_count":0,"rank":0,"latest_release_published_at":"2017-01-05T09:42:46.043Z","latest_release_number":null,"pm_id":null,"keywords_array":["web"],"dependents_count":0,"language":"Ruby","status":null,"last_synced_at":null,"dependent_repos_count":0,"stars":0,"repo_name":null,"exact_name":"rails","github_contributions_count":0,"pushed_at":null}'
    headers:
      User-Agent:
      - Faraday v0.10.1
      Accept-Encoding:
      - gzip,deflate
      Expect:
      - ''
  response:
    status:
      code: 200
      message: OK
    headers:
      Content-Type:
      - application/json; charset=UTF-8
      Content-Length:
      - '79'
    body:
      encoding: UTF-8
      string: '{"_index":"projects","_type":"project","_id":"4","_version":37,"created":false}'
    http_version: 
  recorded_at: Thu, 05 Jan 2017 09:42:46 GMT
- request:
    method: post
    uri: http://localhost:9200/projects/project/4/_update
    body:
      encoding: UTF-8
      string: '{"doc":{"name":"rails","platform":"Rubygems","updated_at":"2017-01-05T09:42:46.043Z","description":"Ruby
        on Rails is a full-stack web framework optimized for programmer happiness
        and sustainable productivity. It encourages beautiful code by favoring convention
        over configuration.","homepage":"http://rubyonrails.org/","licenses":"MIT","repository_url":"https://github.com/rails/rails","keywords_array":["web"],"language":"Ruby"}}'
    headers:
      User-Agent:
      - Faraday v0.10.1
      Accept-Encoding:
      - gzip,deflate
      Expect:
      - ''
  response:
    status:
      code: 200
      message: OK
    headers:
      Content-Type:
      - application/json; charset=UTF-8
      Content-Length:
      - '63'
    body:
      encoding: UTF-8
      string: '{"_index":"projects","_type":"project","_id":"4","_version":38}'
    http_version: 
  recorded_at: Thu, 05 Jan 2017 09:42:46 GMT
recorded_with: VCR 3.0.3
