---
http_interactions:
- request:
    method: put
    uri: http://localhost:9200/github_repositories/github_repository/17
    body:
      encoding: UTF-8
      string: '{"id":17,"full_name":"rails/rails","owner_id":null,"description":"Ruby
        on Rails","fork":false,"created_at":"2017-01-26T13:28:21.872Z","updated_at":"2017-01-26T13:28:21.872Z","pushed_at":null,"homepage":"http://rubyonrails.org","size":1000,"stargazers_count":10000,"language":"Ruby","has_issues":null,"has_wiki":null,"has_pages":null,"forks_count":null,"mirror_url":null,"open_issues_count":null,"default_branch":null,"subscribers_count":null,"uuid":null,"source_name":null,"license":null,"github_organisation_id":17,"private":false,"contributions_count":0,"has_readme":null,"has_changelog":null,"has_contributing":null,"has_license":null,"has_coc":null,"has_threat_model":null,"has_audit":null,"status":null,"last_synced_at":null,"rank":null,"host_type":null,"host_domain":null,"name":null,"scm":null,"fork_policy":null,"pull_requests_enabled":null,"logo_url":null,"exact_name":"rails/rails","keywords":[],"platforms":[]}'
    headers:
      User-Agent:
      - Faraday v0.10.1
      Accept-Encoding:
      - gzip,deflate
      Expect:
      - ''
  response:
    status:
      code: 200
      message: OK
    headers:
      Content-Type:
      - application/json; charset=UTF-8
      Content-Length:
      - '101'
    body:
      encoding: UTF-8
      string: '{"_index":"github_repositories","_type":"github_repository","_id":"17","_version":22,"created":false}'
    http_version: 
  recorded_at: Thu, 26 Jan 2017 13:28:21 GMT
- request:
    method: put
    uri: http://localhost:9200/github_issues/github_issue/5
    body:
      encoding: UTF-8
      string: '{"id":5,"repository_id":17,"github_id":5,"number":5,"state":"open","title":"I
        found a bug","body":"Please fix it","github_user_id":13,"locked":null,"comments_count":null,"closed_at":null,"labels":[],"created_at":"2017-01-26T13:28:21.934Z","updated_at":"2017-01-26T13:28:21.934Z","last_synced_at":null,"pull_request":null,"contributions_count":0,"stars":10000,"language":"Ruby","license":null,"rank":0}'
    headers:
      User-Agent:
      - Faraday v0.10.1
      Accept-Encoding:
      - gzip,deflate
      Expect:
      - ''
  response:
    status:
      code: 200
      message: OK
    headers:
      Content-Type:
      - application/json; charset=UTF-8
      Content-Length:
      - '88'
    body:
      encoding: UTF-8
      string: '{"_index":"github_issues","_type":"github_issue","_id":"5","_version":8,"created":false}'
    http_version: 
  recorded_at: Thu, 26 Jan 2017 13:28:21 GMT
- request:
    method: get
    uri: http://localhost:9200/projects/_count
    body:
      encoding: US-ASCII
      string: ''
    headers:
      User-Agent:
      - Faraday v0.10.1
      Accept-Encoding:
      - gzip,deflate
      Expect:
      - ''
  response:
    status:
      code: 200
      message: OK
    headers:
      Content-Type:
      - application/json; charset=UTF-8
      Content-Length:
      - '59'
    body:
      encoding: UTF-8
      string: '{"count":2,"_shards":{"total":1,"successful":1,"failed":0}}'
    http_version: 
  recorded_at: Thu, 26 Jan 2017 13:28:22 GMT
recorded_with: VCR 3.0.3
